// Jest Snapshot v1, https://goo.gl/fbAQLP

exports[`WarningOutput renderer: should match snapshot 1`] = `""`;
