// Jest Snapshot v1, https://goo.gl/fbAQLP

exports[`TableOutput renderer: should match snapshot 1`] = `""`;
