// Jest Snapshot v1, https://goo.gl/fbAQLP

exports[`CodeBoxOutput renderer: should match snapshot 1`] = `""`;
