// Jest Snapshot v1, https://goo.gl/fbAQLP

exports[`VideoOutput renderer: should match snapshot 1`] = `""`;
