// Jest Snapshot v1, https://goo.gl/fbAQLP

exports[`QuoteOutput renderer: should match snapshot 1`] = `""`;
