// Jest Snapshot v1, https://goo.gl/fbAQLP

exports[`HeaderOutput renderer: should match snapshot 1`] = `""`;
