// Jest Snapshot v1, https://goo.gl/fbAQLP

exports[`RawOutput renderer: should match snapshot 1`] = `""`;
